// Jest Snapshot v1, https://goo.gl/fbAQLP

exports[`CharactersList matches the snapshot 1`] = `
<DocumentFragment>
  <div
    class="gridContainer"
  >
    <div
      class="grid"
    >
      <div>
        Character Card
      </div>
      <div>
        Character Card
      </div>
      <div>
        Character Card
      </div>
      <div>
        Character Card
      </div>
      <div>
        Character Card
      </div>
    </div>
  </div>
</DocumentFragment>
`;
